// Vitest Snapshot v1

exports[`applies the transform modulate={ brightness: 0 } 1`] = `"1be08f1c767d8df3daecdd468668c3ce5d6a007d"`;

exports[`applies the transform modulate={ brightness: 50 } 1`] = `"cca391a9d1f8f1e30095c9efc4d06cb2be7ad22f"`;

exports[`applies the transform modulate={ hue: 0 } 1`] = `"64db99769cd8b1dfe79a5e5d2ab0359623103ddd"`;

exports[`applies the transform modulate={ hue: 50 } 1`] = `"a19a0c2a3041089f9e5fd0fec14343af146ef954"`;

exports[`applies the transform modulate={ lightness: 0 } 1`] = `"64db99769cd8b1dfe79a5e5d2ab0359623103ddd"`;

exports[`applies the transform modulate={ lightness: 50 } 1`] = `"c9ca9af78fd7b0ca486997bbe3e58bfbd66cd4c8"`;

exports[`applies the transform modulate={ saturation: 0 } 1`] = `"3ea24af7eb09728fd5a326bb368aa0f95b311a85"`;

exports[`applies the transform modulate={ saturation: 50 } 1`] = `"274b6fa0b55114f973ce7fe5ceea202efdb58f68"`;
